city,total_sales
Bangalore,300
Delhi,250
Mumbai,300