email,domain
john@gmail.com,gmail
anna@yahoo.com,yahoo