city,average_sales
Bangalore,300.0
Delhi,150.0
Mumbai,150.0