name,age,age_after_5_years
Alice,24,29
Bob,28,33
Charlie,22,27