customer_id,name,order_id,amount
101,John,1,250
103,Mike,2,400