name,city,name_upper
Alice,Delhi,ALICE
Bob,Mumbai,BOB
Charlie,Bangalore,CHARLIE