first_name,last_name,full_name
John,Smith,John-Smith
Anna,Taylor,Anna-Taylor