name,city,city_short
Alice,Delhi,Del
Bob,Mumbai,Mum
Charlie,Bangalore,Ban